// Vitest Snapshot v1, https://vitest.dev/guide/snapshot.html

exports[`ResearchEditorOverview > handles empty updates 1`] = `
<div>
  <div
    class="css-vnzk4a-Box"
  >
    <h3
      class="css-1fqez35-Box"
    >
      Research overview
    </h3>
    <button
      class="css-3hb35i-Box"
      data-cy="create-update"
      type="button"
    >
      <span
        class="css-1peva9n-Box"
      >
        <a
          class="css-17ig1b0-Box"
          href="/research/abc/new-update"
        >
          Create update
        </a>
      </span>
    </button>
    <button
      class="css-1pdlsbk-Box"
      type="button"
    >
      <span
        class="css-1peva9n-Box"
      >
        <a
          class="css-17ig1b0-Box"
          href="/research/abc/edit"
        >
          Back to research
        </a>
      </span>
    </button>
  </div>
</div>
`;

exports[`ResearchEditorOverview > handles falsey updates 1`] = `
<div>
  <div
    class="css-vnzk4a-Box"
  >
    <h3
      class="css-1fqez35-Box"
    >
      Research overview
    </h3>
    <button
      class="css-3hb35i-Box"
      data-cy="create-update"
      type="button"
    >
      <span
        class="css-1peva9n-Box"
      >
        <a
          class="css-17ig1b0-Box"
          href="/research/abc/new-update"
        >
          Create update
        </a>
      </span>
    </button>
    <button
      class="css-1pdlsbk-Box"
      type="button"
    >
      <span
        class="css-1peva9n-Box"
      >
        <a
          class="css-17ig1b0-Box"
          href="/research/abc/edit"
        >
          Back to research
        </a>
      </span>
    </button>
  </div>
</div>
`;

exports[`ResearchEditorOverview > renders correctly 1`] = `
<div>
  <div
    class="css-vnzk4a-Box"
  >
    <h3
      class="css-1fqez35-Box"
    >
      Research overview
    </h3>
    <ul
      class="css-47e4wa-Box"
    >
      <li
        class="css-snegf5-Box"
      >
        <span
          class="css-1peva9n-Box"
        >
          <strong>
            Update 1
          </strong>
        </span>
      </li>
      <li
        class="css-snegf5-Box"
      >
        <span
          class="css-1peva9n-Box"
        >
          Update 2
          <a
            class="css-1b0j0ya-Box"
            href="/research/abc/edit-update/update-2"
          >
            Edit
          </a>
        </span>
      </li>
      <li
        class="css-snegf5-Box"
      >
        <span
          class="css-1peva9n-Box"
        >
          Update 3
          <a
            class="css-1b0j0ya-Box"
            href="/research/abc/edit-update/update-3"
          >
            Edit
          </a>
        </span>
      </li>
    </ul>
    <button
      class="css-3hb35i-Box"
      data-cy="create-update"
      type="button"
    >
      <span
        class="css-1peva9n-Box"
      >
        <a
          class="css-17ig1b0-Box"
          href="/research/abc/new-update"
        >
          Create update
        </a>
      </span>
    </button>
    <button
      class="css-1pdlsbk-Box"
      type="button"
    >
      <span
        class="css-1peva9n-Box"
      >
        <a
          class="css-17ig1b0-Box"
          href="/research/abc/edit"
        >
          Back to research
        </a>
      </span>
    </button>
  </div>
</div>
`;
